mode: set
github.com/anhduynguyen1207/go-ecommerce-backend-api/test/basic/main.go:3.24,5.2 1 1
